QuestaSim-64 qrun 2025.2 Utility 2025.05 May 31 2025
Start time: 16:44:41 on Jul 26,2026
qrun -batch -access=rw+/. -uvmhome uvm-1.2 "+UVM_TESTNAME=fifo_simul_boundary_test" "+WR_PERIOD=3" "+RD_PERIOD=17" -mfcu design.sv testbench.sv -voptargs="+acc=npr" -do "run.do" 
** Note: (qrun-220) 'modelsim.ini' is used as the ini file.
Creating library 'qrun.out/work'.
Mapping library 'mtiUvm' to 'qrun.out/work'.
** Note: (vmap-220) 'modelsim.ini' is used as the ini file.
QuestaSim-64 vlog 2025.2 Compiler 2025.05 May 31 2025
Start time: 16:44:41 on Jul 26,2026
vlog -mfcu -ccflags "-Wno-missing-declarations" -ccflags "-Wno-maybe-uninitialized" -ccflags "-Wno-return-type" -ccflags "-DQUESTA" /usr/share/questa/questasim/verilog_src/uvm-1.2/src/dpi/uvm_dpi.cc /usr/share/questa/questasim/verilog_src/uvm-1.2/src/uvm_pkg.sv /usr/share/questa/questasim/verilog_src/questa_uvm_pkg-1.2/src/questa_uvm_pkg.sv design.sv testbench.sv -work qrun.out/work "+incdir+/usr/share/questa/questasim/verilog_src/uvm-1.2/src" -statslog qrun.out/stats_log -csession=incr 
** Note: (vlog-220) 'modelsim.ini' is used as the ini file.
-- Compiling package uvm_pkg (uvm-1.2 Built-in)
-- Compiling package questa_uvm_pkg
-- Importing package uvm_pkg (uvm-1.2 Built-in)
-- Compiling module async_fifo
-- Compiling module fifo_checker
-- Compiling package uvm_pkg_sv_unit
-- Compiling package fifo_pkg
-- Importing package uvm_pkg (uvm-1.2 Built-in)
-- Compiling interface wr_if
-- Importing package fifo_pkg
-- Compiling interface rd_if
-- Compiling module tb_top

Top level modules:
	tb_top
** Warning: (vlog-2650) 'bind' found in compilation unit scope. Please use -mfcu -cuname to ensure that 'bind' gets elaborated.
** Note: (vlog-7082) For C/C++ auto compile, choosing compiler /usr/bin/g++ set from the PATH environment variable.
-- Compiling DPI/PLI C++ file /usr/share/questa/questasim/verilog_src/uvm-1.2/src/dpi/uvm_dpi.cc
End time: 16:44:45 on Jul 26,2026, Elapsed time: 0:00:04
Errors: 0, Warnings: 1
QuestaSim-64 vopt 2025.2 Compiler 2025.05 May 31 2025
** Warning: (vopt-10587) Some optimizations are turned off because the +acc switch is in effect. This will cause your simulation to run slowly. Please use -access/-debug to maintain needed visibility. The +acc switch would be deprecated in a future release.
Start time: 16:44:45 on Jul 26,2026
vopt -access=rw+/. -mfcu "+acc=npr" -findtoplevels qrun.out/work+2+ -work qrun.out/work -statslog qrun.out/stats_log -csession=incr -o qrun_opt -csessionid=3 
** Note: (vopt-220) 'modelsim.ini' is used as the ini file.

Top level modules:
	tb_top

Analyzing design...
-- Loading module tb_top
-- Importing package uvm_pkg (uvm-1.2 Built-in)
-- Importing package fifo_pkg
-- Loading package questa_uvm_pkg
-- Loading interface wr_if
-- Loading interface rd_if
-- Loading module async_fifo
-- Loading module fifo_checker
Optimizing 11 design-units (inlining 0/5 module instances):
-- Optimizing package uvm_pkg_sv_unit(fast)
-- Optimizing package uvm_pkg (uvm-1.2 Built-in)(fast)
-- Optimizing package questa_uvm_pkg(fast)
-- Optimizing package fifo_pkg(fast)
-- Optimizing module async_fifo(fast)
-- Optimizing module tb_top(fast)
-- Optimizing module fifo_checker(fast)
-- Optimizing interface wr_if(fast__2)
-- Optimizing interface rd_if(fast__2)
-- Optimizing interface rd_if(fast)
-- Optimizing interface wr_if(fast)
Optimized design name is qrun_opt
End time: 16:44:55 on Jul 26,2026, Elapsed time: 0:00:10
Errors: 0, Warnings: 1
# ** Note: (vsim-220) 'modelsim.ini' is used as the ini file.
# vsim -batch "+UVM_TESTNAME=fifo_simul_boundary_test" "+WR_PERIOD=3" "+RD_PERIOD=17" -lib qrun.out/work -do "run.do" -statslog qrun.out/stats_log qrun_opt -appendlog -l qrun.log 
# Start time: 16:44:55 on Jul 26,2026
# Loading /tmp/root@dee824160f60_dpi_35/linux_x86_64_gcc-11/export_tramp.so
# //  Questa Sim-64
# //  Version 2025.2 linux_x86_64 May 31 2025
# //
# // Unpublished work. Copyright 2025 Siemens
# //
# // This material contains trade secrets or otherwise confidential information
# // owned by Siemens Industry Software Inc. or its affiliates (collectively,
# // "SISW"), or its licensors. Access to and use of this information is strictly
# // limited as set forth in the Customer's applicable agreements with SISW.
# //
# // This material may not be copied, distributed, or otherwise disclosed outside
# // of the Customer's facilities without the express written permission of SISW,
# // and may not be used in any way not expressly authorized by SISW.
# //
# Loading sv_std.std
# Loading work.wr_if(fast)
# Loading work.rd_if(fast)
# Loading work.uvm_pkg(fast)
# Loading work.fifo_pkg(fast)
# Loading work.questa_uvm_pkg(fast)
# Loading work.uvm_pkg_sv_unit(fast)
# Loading work.tb_top(fast)
# Loading work.wr_if(fast__2)
# Loading work.rd_if(fast__2)
# Loading work.async_fifo(fast)
# Loading work.fifo_checker(fast)
# ** Note: (vsim-7082) For C/C++ auto compile, choosing compiler /usr/bin/g++ set from the PATH environment variable.
# Compiling /tmp/root@dee824160f60_dpi_35/linux_x86_64_gcc-11/exportwrapper.c
# Loading /tmp/root@dee824160f60_dpi_35/linux_x86_64_gcc-11/vsim_auto_compile.so
# 
# do run.do
# UVM_INFO /usr/share/questa/questasim/verilog_src/uvm-1.2/src/base/uvm_root.svh(392) @ 0: reporter [UVM/RELNOTES] 
# ----------------------------------------------------------------
# UVM-1.2
# (C) 2007-2014 Mentor Graphics Corporation
# (C) 2007-2014 Cadence Design Systems, Inc.
# (C) 2006-2014 Synopsys, Inc.
# (C) 2011-2013 Cypress Semiconductor Corp.
# (C) 2013-2014 NVIDIA Corporation
# ----------------------------------------------------------------
# 
#   ***********       IMPORTANT RELEASE NOTES         ************
# 
#   You are using a version of the UVM library that has been compiled
#   with `UVM_NO_DEPRECATED undefined.
#   See http://www.eda.org/svdb/view.php?id=3313 for more details.
# 
#   You are using a version of the UVM library that has been compiled
#   with `UVM_OBJECT_DO_NOT_NEED_CONSTRUCTOR undefined.
#   See http://www.eda.org/svdb/view.php?id=3770 for more details.
# 
#       (Specify +UVM_NO_RELNOTES to turn off this notice)
# 
# UVM_INFO /usr/share/questa/questasim/verilog_src/questa_uvm_pkg-1.2/src/questa_uvm_pkg.sv(277) @ 0: reporter [Questa UVM] QUESTA_UVM-1.2.3
# UVM_INFO /usr/share/questa/questasim/verilog_src/questa_uvm_pkg-1.2/src/questa_uvm_pkg.sv(278) @ 0: reporter [Questa UVM]  questa_uvm::init(+struct)
# UVM_INFO @ 0: reporter [RNTST] Running test fifo_simul_boundary_test...
# UVM_INFO /usr/share/questa/questasim/verilog_src/uvm-1.2/src/base/uvm_objection.svh(1270) @ 68517000: reporter [TEST_DONE] 'run' phase is ready to proceed to the 'extract' phase
# UVM_INFO testbench.sv(355) @ 68517000: uvm_test_top.env.sb [SB] Matches=365 Errors=0 Remaining=0 Coverage=86.67%
# UVM_INFO /usr/share/questa/questasim/verilog_src/uvm-1.2/src/base/uvm_report_server.svh(847) @ 68517000: reporter [UVM/REPORT/SERVER] 
# --- UVM Report Summary ---
# 
# ** Report counts by severity
# UVM_INFO :    6
# UVM_WARNING :    0
# UVM_ERROR :    0
# UVM_FATAL :    0
# ** Report counts by id
# [Questa UVM]     2
# [RNTST]     1
# [SB]     1
# [TEST_DONE]     1
# [UVM/RELNOTES]     1
# 
# ** Note: $finish    : /usr/share/questa/questasim/verilog_src/uvm-1.2/src/base/uvm_root.svh(517)
#    Time: 68517 ns  Iteration: 68  Instance: /tb_top
# Break in Task uvm_root::run_test at /usr/share/questa/questasim/verilog_src/uvm-1.2/src/base/uvm_root.svh line 517
# Stopped at /usr/share/questa/questasim/verilog_src/uvm-1.2/src/base/uvm_root.svh line 517
# ** Note: (vsim-19063) Please note that '-recursive' option's functionality is changed. For more information, please refer 
# to the reference manual.
# Recursive Coverage Report Summary Data by instance
# 
# Coverage Report Totals BY INSTANCES: Number of Instances 9
# 
#     Enabled Coverage              Bins      Hits    Misses    Weight  Coverage
#     ----------------              ----      ----    ------    ------  --------
#     Assertions                       7         7         0         1   100.00%
#     Covergroups                      1        na        na         1    86.66%
#         Coverpoints/Crosses          3        na        na         1        na
#             Covergroup Bins         17        13         4         1    76.47%
# Total coverage (filtered view): 93.33%
# 
# 
# Coverage Report by instance with details
# 
# =================================================================================
# === Instance: /tb_top/dut/fifo_checker_i
# === Design Unit: work.fifo_checker
# =================================================================================
# 
# Assertion Coverage:
#     Assertions                       4         4         0   100.00%
# --------------------------------------------------------------------
# Name                 File(Line)                   Failure      Pass 
#                                                   Count        Count
# --------------------------------------------------------------------
# /tb_top/dut/fifo_checker_i/a_no_wr_when_full
#                      design.sv(80)                      0          1
# /tb_top/dut/fifo_checker_i/a_no_rd_when_empty
#                      design.sv(84)                      0          1
# /tb_top/dut/fifo_checker_i/a_wr_gray_onehot
#                      design.sv(91)                      0          1
# /tb_top/dut/fifo_checker_i/a_rd_gray_onehot
#                      design.sv(96)                      0          1
# 
# =================================================================================
# === Instance: /uvm_pkg
# === Design Unit: work.uvm_pkg
# =================================================================================
# 
# Assertion Coverage:
#     Assertions                       1         1         0   100.00%
# --------------------------------------------------------------------
# Name                 File(Line)                   Failure      Pass 
#                                                   Count        Count
# --------------------------------------------------------------------
# /uvm_pkg/uvm_component_name_check_visitor/visit/immed__262
#                      /usr/share/questa/questasim/verilog_src/uvm-1.2/src/base/uvm_traversal.svh(262)
#                                                         0          1
# 
# =================================================================================
# === Instance: /fifo_pkg
# === Design Unit: work.fifo_pkg
# =================================================================================
# 
# Assertion Coverage:
#     Assertions                       2         2         0   100.00%
# --------------------------------------------------------------------
# Name                 File(Line)                   Failure      Pass 
#                                                   Count        Count
# --------------------------------------------------------------------
# /fifo_pkg/wr_zero_seq/body/#ublk#265642455#141/immed__144
#                      testbench.sv(144)                  0          1
# /fifo_pkg/rd_zero_seq/body/#ublk#265642455#156/immed__159
#                      testbench.sv(159)                  0          1
# 
# Covergroup Coverage:
#     Covergroups                      1        na        na    86.66%
#         Coverpoints/Crosses          3        na        na        na
#             Covergroup Bins         17        13         4    76.47%
# ----------------------------------------------------------------------------------------------------------
# Covergroup                                             Metric       Goal       Bins    Status               
#                                                                                                          
# ----------------------------------------------------------------------------------------------------------
#  TYPE /fifo_pkg/fifo_scoreboard/occ_cg                 86.66%        100          -    Uncovered            
#     covered/total bins:                                    13         17          -                      
#     missing/total bins:                                     4         17          -                      
#     % Hit:                                             76.47%        100          -                      
#     Coverpoint cp_occ                                 100.00%        100          -    Covered              
#         covered/total bins:                                 5          5          -                      
#         missing/total bins:                                 0          5          -                      
#         % Hit:                                        100.00%        100          -                      
#         bin empty_b                                     20854         10          -    Covered              
#         bin near_empty                                     29         10          -    Covered              
#         bin mid                                           150         10          -    Covered              
#         bin near_full                                      44         10          -    Covered              
#         bin full_b                                       2937         10          -    Covered              
#     Coverpoint cp_simul                               100.00%        100          -    Covered              
#         covered/total bins:                                 2          2          -                      
#         missing/total bins:                                 0          2          -                      
#         % Hit:                                        100.00%        100          -                      
#         bin no_simul                                    24712         10          -    Covered              
#         bin simul                                         814         10          -    Covered              
#     Cross cross_occ_simul                              60.00%        100          -    Uncovered            
#         covered/total bins:                                 6         10          -                      
#         missing/total bins:                                 4         10          -                      
#         % Hit:                                         60.00%        100          -                      
#         Auto, Default and User Defined Bins:
#             bin <full_b,simul>                            814         10          -    Covered              
#             bin <full_b,no_simul>                        2123         10          -    Covered              
#             bin <near_full,no_simul>                       44         10          -    Covered              
#             bin <mid,no_simul>                            150         10          -    Covered              
#             bin <near_empty,no_simul>                      29         10          -    Covered              
#             bin <empty_b,no_simul>                      20854         10          -    Covered              
#             bin <near_full,simul>                           0         10          1    ZERO                 
#             bin <mid,simul>                                 0         10          1    ZERO                 
#             bin <near_empty,simul>                          0         10          1    ZERO                 
#             bin <empty_b,simul>                             0         10          1    ZERO                 
#  Covergroup instance \/fifo_pkg::fifo_scoreboard::occ_cg  
#                                                        86.66%        100          -    Uncovered            
#     covered/total bins:                                    13         17          -                      
#     missing/total bins:                                     4         17          -                      
#     % Hit:                                             76.47%        100          -                      
#     Coverpoint cp_occ                                 100.00%        100          -    Covered              
#         covered/total bins:                                 5          5          -                      
#         missing/total bins:                                 0          5          -                      
#         % Hit:                                        100.00%        100          -                      
#         bin empty_b                                     20854         10          -    Covered              
#         bin near_empty                                     29         10          -    Covered              
#         bin mid                                           150         10          -    Covered              
#         bin near_full                                      44         10          -    Covered              
#         bin full_b                                       2937         10          -    Covered              
#     Coverpoint cp_simul                               100.00%        100          -    Covered              
#         covered/total bins:                                 2          2          -                      
#         missing/total bins:                                 0          2          -                      
#         % Hit:                                        100.00%        100          -                      
#         bin no_simul                                    24712         10          -    Covered              
#         bin simul                                         814         10          -    Covered              
#     Cross cross_occ_simul                              60.00%        100          -    Uncovered            
#         covered/total bins:                                 6         10          -                      
#         missing/total bins:                                 4         10          -                      
#         % Hit:                                         60.00%        100          -                      
#         Auto, Default and User Defined Bins:
#             bin <full_b,simul>                            814         10          -    Covered              
#             bin <full_b,no_simul>                        2123         10          -    Covered              
#             bin <near_full,no_simul>                       44         10          -    Covered              
#             bin <mid,no_simul>                            150         10          -    Covered              
#             bin <near_empty,no_simul>                      29         10          -    Covered              
#             bin <empty_b,no_simul>                      20854         10          -    Covered              
#             bin <near_full,simul>                           0         10          1    ZERO                 
#             bin <mid,simul>                                 0         10          1    ZERO                 
#             bin <near_empty,simul>                          0         10          1    ZERO                 
#             bin <empty_b,simul>                             0         10          1    ZERO                 
# 
# COVERGROUP COVERAGE:
# ----------------------------------------------------------------------------------------------------------
# Covergroup                                             Metric       Goal       Bins    Status               
#                                                                                                          
# ----------------------------------------------------------------------------------------------------------
#  TYPE /fifo_pkg/fifo_scoreboard/occ_cg                 86.66%        100          -    Uncovered            
#     covered/total bins:                                    13         17          -                      
#     missing/total bins:                                     4         17          -                      
#     % Hit:                                             76.47%        100          -                      
#     Coverpoint cp_occ                                 100.00%        100          -    Covered              
#         covered/total bins:                                 5          5          -                      
#         missing/total bins:                                 0          5          -                      
#         % Hit:                                        100.00%        100          -                      
#         bin empty_b                                     20854         10          -    Covered              
#         bin near_empty                                     29         10          -    Covered              
#         bin mid                                           150         10          -    Covered              
#         bin near_full                                      44         10          -    Covered              
#         bin full_b                                       2937         10          -    Covered              
#     Coverpoint cp_simul                               100.00%        100          -    Covered              
#         covered/total bins:                                 2          2          -                      
#         missing/total bins:                                 0          2          -                      
#         % Hit:                                        100.00%        100          -                      
#         bin no_simul                                    24712         10          -    Covered              
#         bin simul                                         814         10          -    Covered              
#     Cross cross_occ_simul                              60.00%        100          -    Uncovered            
#         covered/total bins:                                 6         10          -                      
#         missing/total bins:                                 4         10          -                      
#         % Hit:                                         60.00%        100          -                      
#         Auto, Default and User Defined Bins:
#             bin <full_b,simul>                            814         10          -    Covered              
#             bin <full_b,no_simul>                        2123         10          -    Covered              
#             bin <near_full,no_simul>                       44         10          -    Covered              
#             bin <mid,no_simul>                            150         10          -    Covered              
#             bin <near_empty,no_simul>                      29         10          -    Covered              
#             bin <empty_b,no_simul>                      20854         10          -    Covered              
#             bin <near_full,simul>                           0         10          1    ZERO                 
#             bin <mid,simul>                                 0         10          1    ZERO                 
#             bin <near_empty,simul>                          0         10          1    ZERO                 
#             bin <empty_b,simul>                             0         10          1    ZERO                 
#  Covergroup instance \/fifo_pkg::fifo_scoreboard::occ_cg  
#                                                        86.66%        100          -    Uncovered            
#     covered/total bins:                                    13         17          -                      
#     missing/total bins:                                     4         17          -                      
#     % Hit:                                             76.47%        100          -                      
#     Coverpoint cp_occ                                 100.00%        100          -    Covered              
#         covered/total bins:                                 5          5          -                      
#         missing/total bins:                                 0          5          -                      
#         % Hit:                                        100.00%        100          -                      
#         bin empty_b                                     20854         10          -    Covered              
#         bin near_empty                                     29         10          -    Covered              
#         bin mid                                           150         10          -    Covered              
#         bin near_full                                      44         10          -    Covered              
#         bin full_b                                       2937         10          -    Covered              
#     Coverpoint cp_simul                               100.00%        100          -    Covered              
#         covered/total bins:                                 2          2          -                      
#         missing/total bins:                                 0          2          -                      
#         % Hit:                                        100.00%        100          -                      
#         bin no_simul                                    24712         10          -    Covered              
#         bin simul                                         814         10          -    Covered              
#     Cross cross_occ_simul                              60.00%        100          -    Uncovered            
#         covered/total bins:                                 6         10          -                      
#         missing/total bins:                                 4         10          -                      
#         % Hit:                                         60.00%        100          -                      
#         Auto, Default and User Defined Bins:
#             bin <full_b,simul>                            814         10          -    Covered              
#             bin <full_b,no_simul>                        2123         10          -    Covered              
#             bin <near_full,no_simul>                       44         10          -    Covered              
#             bin <mid,no_simul>                            150         10          -    Covered              
#             bin <near_empty,no_simul>                      29         10          -    Covered              
#             bin <empty_b,no_simul>                      20854         10          -    Covered              
#             bin <near_full,simul>                           0         10          1    ZERO                 
#             bin <mid,simul>                                 0         10          1    ZERO                 
#             bin <near_empty,simul>                          0         10          1    ZERO                 
#             bin <empty_b,simul>                             0         10          1    ZERO                 
# 
# TOTAL COVERGROUP COVERAGE: 86.66%  COVERGROUP TYPES: 1
# 
# ASSERTION RESULTS:
# --------------------------------------------------------------------
# Name                 File(Line)                   Failure      Pass 
#                                                   Count        Count
# --------------------------------------------------------------------
# /tb_top/dut/fifo_checker_i/a_no_wr_when_full
#                      design.sv(80)                      0          1
# /tb_top/dut/fifo_checker_i/a_no_rd_when_empty
#                      design.sv(84)                      0          1
# /tb_top/dut/fifo_checker_i/a_wr_gray_onehot
#                      design.sv(91)                      0          1
# /tb_top/dut/fifo_checker_i/a_rd_gray_onehot
#                      design.sv(96)                      0          1
# /uvm_pkg/uvm_component_name_check_visitor/visit/immed__262
#                      /usr/share/questa/questasim/verilog_src/uvm-1.2/src/base/uvm_traversal.svh(262)
#                                                         0          1
# /fifo_pkg/wr_zero_seq/body/#ublk#265642455#141/immed__144
#                      testbench.sv(144)                  0          1
# /fifo_pkg/rd_zero_seq/body/#ublk#265642455#156/immed__159
#                      testbench.sv(159)                  0          1
# 
# Total Coverage By Instance (filtered view): 93.33%
# 
# 
# End time: 16:44:58 on Jul 26,2026, Elapsed time: 0:00:03
# Errors: 0, Warnings: 0
End time: 16:44:58 on Jul 26,2026, Elapsed time: 0:00:17
*** Summary *********************************************
    qrun: Errors:   0, Warnings:   0
    vlog: Errors:   0, Warnings:   1
    vopt: Errors:   0, Warnings:   1
    vsim: Errors:   0, Warnings:   0
  Totals: Errors:   0, Warnings:   2
